Copyright 1986-2018 Xilinx, Inc. All Rights Reserved.
-----------------------------------------------------------------------------------------------
| Tool Version : Vivado v.2018.2 (win64) Build 2258646 Thu Jun 14 20:03:12 MDT 2018
| Date         : Sat Oct 26 16:43:09 2024
| Host         : tendra running 64-bit major release  (build 9200)
| Command      : report_control_sets -verbose -file BomberGameTopLevel_control_sets_placed.rpt
| Design       : BomberGameTopLevel
| Device       : xc7a35t
-----------------------------------------------------------------------------------------------

Control Set Information

Table of Contents
-----------------
1. Summary
2. Histogram
3. Flip-Flop Distribution
4. Detailed Control Set Information

1. Summary
----------

+----------------------------------------------------------+-------+
|                          Status                          | Count |
+----------------------------------------------------------+-------+
| Number of unique control sets                            |    42 |
| Unused register locations in slices containing registers |    92 |
+----------------------------------------------------------+-------+


2. Histogram
------------

+--------+--------------+
| Fanout | Control Sets |
+--------+--------------+
|      2 |            1 |
|      6 |            1 |
|      8 |            2 |
|     14 |            3 |
|    16+ |           35 |
+--------+--------------+


3. Flip-Flop Distribution
-------------------------

+--------------+-----------------------+------------------------+-----------------+--------------+
| Clock Enable | Synchronous Set/Reset | Asynchronous Set/Reset | Total Registers | Total Slices |
+--------------+-----------------------+------------------------+-----------------+--------------+
| No           | No                    | No                     |             290 |           77 |
| No           | No                    | Yes                    |               0 |            0 |
| No           | Yes                   | No                     |             672 |           92 |
| Yes          | No                    | No                     |             390 |           82 |
| Yes          | No                    | Yes                    |               0 |            0 |
| Yes          | Yes                   | No                     |             708 |          111 |
+--------------+-----------------------+------------------------+-----------------+--------------+


4. Detailed Control Set Information
-----------------------------------

+----------------------------------+-------------------------------------------------------------------------------+-------------------------------------------------------------------------------------+------------------+----------------+
|           Clock Signal           |                                 Enable Signal                                 |                                   Set/Reset Signal                                  | Slice Load Count | Bel Load Count |
+----------------------------------+-------------------------------------------------------------------------------+-------------------------------------------------------------------------------------+------------------+----------------+
| ~clk6p25m_BUFG                   |                                                                               |                                                                                     |                1 |              2 |
|  DebounceC/clock_1khz/SLOW_CLOCK |                                                                               |                                                                                     |                1 |              6 |
|  clk_0                           |                                                                               |                                                                                     |                3 |              8 |
|  clk_IBUF_BUFG                   |                                                                               |                                                                                     |                4 |              8 |
|  clk6p25m_BUFG                   | pixelColourControl/TrackPlayer1Square/SecondBlock[6]_i_1_n_0                  | pixelColourControl/TrackPlayer1Square/BlocksSet                                     |                6 |             14 |
|  clk6p25m_BUFG                   | pixelColourControl/TrackPlayer1Square/BlocksSet                               |                                                                                     |                7 |             14 |
|  clk6p25m_BUFG                   | pixelColourControl/TrackPlayer1Square/FirstBlock[6]_i_1_n_0                   | pixelColourControl/TrackPlayer1Square/BlocksSet                                     |                4 |             14 |
|  clk6p25m_BUFG                   | pixelColourControl/TrackPlayer1Square/yBlock[2]_i_1_n_0                       |                                                                                     |                3 |             18 |
|  clk6p25m_BUFG                   | pixelColourControl/TrackPlayer1Square/CEP                                     |                                                                                     |                5 |             22 |
|  clk_0                           | pixelColourControl/PlayerMovementControl/FuturePlayerMaxY                     | pixelColourControl/ColourControl/Player1/SR[0]                                      |                8 |             24 |
|  clk_0                           | pixelColourControl/PlayerMovementControl/PlayerMaxY[5]_i_1_n_0                | pixelColourControl/ColourControl/Player1/SR[0]                                      |                4 |             24 |
|  twohundredhz/CLK                |                                                                               |                                                                                     |                3 |             26 |
|  clk_0                           | pixelColourControl/PlayerMovementControl/FuturePlayerMinX                     | pixelColourControl/ColourControl/Player1/SR[0]                                      |                8 |             28 |
|  clk_0                           | pixelColourControl/PlayerMovementControl/PlayerMaxX[6]_i_1_n_0                | pixelColourControl/ColourControl/Player1/SR[0]                                      |                6 |             28 |
|  SLOW_CLOCK                      |                                                                               |                                                                                     |                7 |             30 |
|  SLOW_CLOCK                      |                                                                               | ResetControl/pixel_data_reg[4]                                                      |                4 |             32 |
| ~clk6p25m_BUFG                   |                                                                               | Oled_display/frame_counter[16]_i_1_n_0                                              |                5 |             34 |
| ~clk6p25m_BUFG                   | Oled_display/delay[0]_i_1_n_0                                                 |                                                                                     |                5 |             40 |
|  clk6p25m_BUFG                   | pixelColourControl/BombControl/FindFreeBomb/BombsBlock_reg[3][0]_rep__1       |                                                                                     |               16 |             58 |
|  clk6p25m_BUFG                   | pixelColourControl/BombControl/FindFreeBomb/BombsBlock_reg[2][0]_rep__1       |                                                                                     |               12 |             58 |
|  clk6p25m_BUFG                   | pixelColourControl/BombControl/FindFreeBomb/BombsBlock_reg[0][0]_rep__1       |                                                                                     |               12 |             58 |
|  clk6p25m_BUFG                   | pixelColourControl/BombControl/FindFreeBomb/BombsBlock_reg[1][0]_rep__1       |                                                                                     |               15 |             58 |
|  clk6p25m_BUFG                   |                                                                               | pixelColourControl/ColourControl/player_blink/COUNT[0]_i_1_n_0                      |                8 |             64 |
|  clk6p25m_BUFG                   | ResetControl/count0                                                           | ResetControl/clear                                                                  |                8 |             64 |
|  clk6p25m_BUFG                   | pixelColourControl/BombControl/mod_inst1[2].Bombcounter/p_5_out               | pixelColourControl/BombControl/mod_inst1[2].Bombcounter/count[0]_i_1__1_n_0         |                8 |             64 |
| ~clk6p25m_BUFG                   | Oled_display/state                                                            |                                                                                     |                7 |             64 |
|  clk6p25m_BUFG                   | pixelColourControl/BombControl/mod_inst2[2].ExplodeAnimation/p_15_out         | pixelColourControl/BombControl/mod_inst2[2].ExplodeAnimation/counter[31]_i_1__1_n_0 |                9 |             64 |
|  clk6p25m_BUFG                   | pixelColourControl/BombControl/mod_inst2[1].ExplodeAnimation/p_26_out         | pixelColourControl/BombControl/mod_inst2[1].ExplodeAnimation/counter[31]_i_1__0_n_0 |                9 |             64 |
|  clk6p25m_BUFG                   | pixelColourControl/BombControl/mod_inst2[0].ExplodeAnimation/p_37_out         | pixelColourControl/BombControl/mod_inst2[0].ExplodeAnimation/counter[31]_i_1_n_0    |                8 |             64 |
|  clk6p25m_BUFG                   | pixelColourControl/BombControl/mod_inst1[1].Bombcounter/p_6_out               | pixelColourControl/BombControl/mod_inst1[1].Bombcounter/count[0]_i_1__0_n_0         |                8 |             64 |
|  clk6p25m_BUFG                   | pixelColourControl/BombControl/mod_inst1[0].Bombcounter/p_7_out               | pixelColourControl/BombControl/mod_inst1[0].Bombcounter/clear                       |                8 |             64 |
|  clk6p25m_BUFG                   | pixelColourControl/BombControl/mod_inst2[3].ExplodeAnimation/counter_reg[3]_0 | pixelColourControl/BombControl/mod_inst2[3].ExplodeAnimation/counter[31]_i_1__2_n_0 |                9 |             64 |
|  clk6p25m_BUFG                   | pixelColourControl/BombControl/mod_inst1[3].Bombcounter/p_4_out               | pixelColourControl/BombControl/mod_inst1[3].Bombcounter/count[0]_i_1__2_n_0         |                8 |             64 |
|  clk6p25m_BUFG                   |                                                                               | SevenSegControl/onehz/clear_0                                                       |                8 |             64 |
|  clk_IBUF_BUFG                   |                                                                               | DebounceC/clock_1khz/COUNT[0]_i_1__1_n_0                                            |                8 |             64 |
|  clk_IBUF_BUFG                   |                                                                               | clock_6p25MHZ/COUNT[0]_i_1__2_n_0                                                   |                8 |             64 |
|  clk_IBUF_BUFG                   |                                                                               | twohundredhz/COUNT[0]_i_1__3_n_0                                                    |                8 |             64 |
|  clk_IBUF_BUFG                   |                                                                               | pixelColourControl/PlayerMovementControl/clk40hz/clear                              |                8 |             64 |
|  clk6p25m_BUFG                   |                                                                               | pixelColourControl/ColourControl/Player1/counter/reached_i_1_n_0                    |                9 |             66 |
|  clk_IBUF_BUFG                   |                                                                               | DebounceC/counter/clear                                                             |                9 |             66 |
| ~clk6p25m_BUFG                   |                                                                               | Oled_display/spi_word[39]_i_1_n_0                                                   |               17 |             90 |
|  clk6p25m_BUFG                   |                                                                               |                                                                                     |               58 |            210 |
+----------------------------------+-------------------------------------------------------------------------------+-------------------------------------------------------------------------------------+------------------+----------------+


