Copyright 1986-2018 Xilinx, Inc. All Rights Reserved.
-----------------------------------------------------------------------------------------------
| Tool Version : Vivado v.2018.2 (win64) Build 2258646 Thu Jun 14 20:03:12 MDT 2018
| Date         : Sun Nov  3 01:59:00 2024
| Host         : DESKTOP-O393SDG running 64-bit major release  (build 9200)
| Command      : report_control_sets -verbose -file BomberGameTopLevel_control_sets_placed.rpt
| Design       : BomberGameTopLevel
| Device       : xc7a35t
-----------------------------------------------------------------------------------------------

Control Set Information

Table of Contents
-----------------
1. Summary
2. Histogram
3. Flip-Flop Distribution
4. Detailed Control Set Information

1. Summary
----------

+----------------------------------------------------------+-------+
|                          Status                          | Count |
+----------------------------------------------------------+-------+
| Number of unique control sets                            |   179 |
| Unused register locations in slices containing registers |   518 |
+----------------------------------------------------------+-------+


2. Histogram
------------

+--------+--------------+
| Fanout | Control Sets |
+--------+--------------+
|      2 |            8 |
|      6 |            4 |
|      8 |            7 |
|     10 |           30 |
|     14 |           14 |
|    16+ |          116 |
+--------+--------------+


3. Flip-Flop Distribution
-------------------------

+--------------+-----------------------+------------------------+-----------------+--------------+
| Clock Enable | Synchronous Set/Reset | Asynchronous Set/Reset | Total Registers | Total Slices |
+--------------+-----------------------+------------------------+-----------------+--------------+
| No           | No                    | No                     |             610 |          175 |
| No           | No                    | Yes                    |             182 |           41 |
| No           | Yes                   | No                     |            1342 |          205 |
| Yes          | No                    | No                     |            1004 |          221 |
| Yes          | No                    | Yes                    |             780 |          136 |
| Yes          | Yes                   | No                     |            1764 |          312 |
+--------------+-----------------------+------------------------+-----------------+--------------+


4. Detailed Control Set Information
-----------------------------------

+---------------------------------------+-----------------------------------------------------------------------------------------------------+--------------------------------------------------------------------------------------------+------------------+----------------+
|              Clock Signal             |                                            Enable Signal                                            |                                      Set/Reset Signal                                      | Slice Load Count | Bel Load Count |
+---------------------------------------+-----------------------------------------------------------------------------------------------------+--------------------------------------------------------------------------------------------+------------------+----------------+
|  clk_IBUF_BUFG                        | pixelColourControl/master_tx_module3/uart_tx_inst/tx_i_1__3_n_0                                     | SW_IBUF[14]                                                                                |                1 |              2 |
|  clk_IBUF_BUFG                        | pixelColourControl/slave_tx_module3/uart_tx_inst_slave/tx_i_1_n_0                                   | SW_IBUF[14]                                                                                |                1 |              2 |
|  clk_IBUF_BUFG                        | pixelColourControl/slave_tx_module/uart_tx_inst_slave/tx_i_1__1_n_0                                 | SW_IBUF[14]                                                                                |                1 |              2 |
|  clk_IBUF_BUFG                        | pixelColourControl/master_tx_module1/uart_tx_inst/tx_i_1__5_n_0                                     | SW_IBUF[14]                                                                                |                1 |              2 |
| ~clk6p25m_BUFG                        |                                                                                                     |                                                                                            |                1 |              2 |
|  clk_IBUF_BUFG                        | pixelColourControl/master_tx_module4/uart_tx_inst/tx_i_1__2_n_0                                     | SW_IBUF[14]                                                                                |                1 |              2 |
|  clk_IBUF_BUFG                        | pixelColourControl/slave_tx_module2/uart_tx_inst_slave/tx_i_1__0_n_0                                | SW_IBUF[14]                                                                                |                1 |              2 |
|  clk_IBUF_BUFG                        | pixelColourControl/master_tx_module2/uart_tx_inst/tx_i_1__4_n_0                                     | SW_IBUF[14]                                                                                |                1 |              2 |
|  clk_IBUF_BUFG                        | pixelColourControl/master_tx_module2/uart_tx_inst/E[0]                                              | SW_IBUF[14]                                                                                |                1 |              6 |
|  clk_IBUF_BUFG                        | pixelColourControl/master_tx_module4/uart_tx_inst/E[0]                                              | SW_IBUF[14]                                                                                |                1 |              6 |
|  clk_IBUF_BUFG                        | pixelColourControl/master_tx_module3/uart_tx_inst/E[0]                                              | SW_IBUF[14]                                                                                |                1 |              6 |
|  clk_IBUF_BUFG                        | pixelColourControl/master_tx_module1/uart_tx_inst/E[0]                                              | SW_IBUF[14]                                                                                |                1 |              6 |
|  Player1MovementControl/clk           |                                                                                                     |                                                                                            |                2 |              8 |
|  Player2MovementControl/clk           |                                                                                                     |                                                                                            |                2 |              8 |
|  clk_IBUF_BUFG                        | pixelColourControl/slave_tx_module2/uart_tx_inst_slave/shift_reg                                    | SW_IBUF[14]                                                                                |                1 |              8 |
|  clk_IBUF_BUFG                        | pixelColourControl/slave_tx_module3/uart_tx_inst_slave/shift_reg                                    | SW_IBUF[14]                                                                                |                2 |              8 |
|  clk_IBUF_BUFG                        | pixelColourControl/slave_tx_module/uart_tx_inst_slave/shift_reg                                     | SW_IBUF[14]                                                                                |                1 |              8 |
|  Player4MovementControl/clk           |                                                                                                     |                                                                                            |                2 |              8 |
|  Player3MovementControl/clk           |                                                                                                     |                                                                                            |                2 |              8 |
|  clk_IBUF_BUFG                        | pixelColourControl/slave_rx_module3/bit_idx                                                         | SW_IBUF[14]                                                                                |                2 |             10 |
|  clk_IBUF_BUFG                        | pixelColourControl/slave_tx_module3/uart_tx_inst_slave/E[0]                                         | SW_IBUF[14]                                                                                |                1 |             10 |
|  clk_IBUF_BUFG                        | pixelColourControl/master_tx_module4/tx_data[26]_i_1_n_0                                            |                                                                                            |                3 |             10 |
|  clk_IBUF_BUFG                        | pixelColourControl/master_tx_module4/tx_data[26]_i_1_n_0                                            | pixelColourControl/master_tx_module4/tx_data[31]_i_1_n_0                                   |                2 |             10 |
|  clk_IBUF_BUFG                        | pixelColourControl/master_tx_module1/uart_tx_inst/bit_idx[4]_i_1__10_n_0                            | SW_IBUF[14]                                                                                |                2 |             10 |
|  clk_IBUF_BUFG                        | pixelColourControl/master_tx_module1/tx_data[26]_i_1__2_n_0                                         |                                                                                            |                2 |             10 |
|  clk_IBUF_BUFG                        | pixelColourControl/master_tx_module1/tx_data[26]_i_1__2_n_0                                         | pixelColourControl/master_tx_module1/tx_data[31]_i_1__2_n_0                                |                2 |             10 |
|  clk_IBUF_BUFG                        | pixelColourControl/master_tx_module2/uart_tx_inst/bit_idx[4]_i_1__9_n_0                             | SW_IBUF[14]                                                                                |                2 |             10 |
|  clk_IBUF_BUFG                        | pixelColourControl/master_tx_module3/uart_tx_inst/bit_idx[4]_i_1__8_n_0                             | SW_IBUF[14]                                                                                |                2 |             10 |
|  clk_IBUF_BUFG                        | pixelColourControl/master_tx_module2/tx_data[26]_i_1__1_n_0                                         |                                                                                            |                2 |             10 |
|  clk_IBUF_BUFG                        | pixelColourControl/master_tx_module2/tx_data[26]_i_1__1_n_0                                         | pixelColourControl/master_tx_module2/tx_data[31]_i_1__1_n_0                                |                2 |             10 |
|  clk_IBUF_BUFG                        | pixelColourControl/master_tx_module3/tx_data[26]_i_1__0_n_0                                         |                                                                                            |                2 |             10 |
|  clk_IBUF_BUFG                        | pixelColourControl/master_tx_module3/tx_data[26]_i_1__0_n_0                                         | pixelColourControl/master_tx_module3/tx_data[31]_i_1__0_n_0                                |                1 |             10 |
|  clk_IBUF_BUFG                        | pixelColourControl/master_rx_module/bit_idx                                                         | SW_IBUF[14]                                                                                |                2 |             10 |
|  clk6p25m_BUFG                        | Oled_display/pixel_data0                                                                            | Oled_display/pixel_data_reg[1]_54                                                          |                4 |             10 |
|  clk_IBUF_BUFG                        | pixelColourControl/master_tx_module4/uart_tx_inst/bit_idx[4]_i_1__7_n_0                             | SW_IBUF[14]                                                                                |                2 |             10 |
|  clk_IBUF_BUFG                        | pixelColourControl/slave_rx_module/bit_idx                                                          | SW_IBUF[14]                                                                                |                2 |             10 |
|  clk_IBUF_BUFG                        | pixelColourControl/slave_rx_module2/bit_idx                                                         | SW_IBUF[14]                                                                                |                2 |             10 |
|  clk_IBUF_BUFG                        | pixelColourControl/slave_rx_module2/data[31]_i_1_n_0                                                | SW_IBUF[14]                                                                                |                2 |             10 |
|  clk_IBUF_BUFG                        | pixelColourControl/slave_tx_module3/uart_tx_inst_slave/bit_idx                                      | SW_IBUF[14]                                                                                |                3 |             10 |
|  clk_IBUF_BUFG                        | pixelColourControl/slave_rx_module4/bit_idx                                                         | SW_IBUF[14]                                                                                |                3 |             10 |
|  clk_IBUF_BUFG                        | pixelColourControl/slave_rx_module3/data[31]_i_1__0_n_0                                             | SW_IBUF[14]                                                                                |                3 |             10 |
|  clk_IBUF_BUFG                        | pixelColourControl/slave_rx_module4/data[31]_i_1__1_n_0                                             | SW_IBUF[14]                                                                                |                1 |             10 |
|  clk_IBUF_BUFG                        | pixelColourControl/master_rx_module2/bit_idx                                                        | SW_IBUF[14]                                                                                |                2 |             10 |
|  clk6p25m_BUFG                        | Oled_display/pixel_data0_1                                                                          | Oled_display/pixel_data_reg[1]_56                                                          |                4 |             10 |
|  clk_IBUF_BUFG                        | pixelColourControl/master_rx_module3/bit_idx                                                        | SW_IBUF[14]                                                                                |                3 |             10 |
|  clk_IBUF_BUFG                        | pixelColourControl/slave_tx_module/uart_tx_inst_slave/bit_idx                                       | SW_IBUF[14]                                                                                |                2 |             10 |
|  clk_IBUF_BUFG                        | pixelColourControl/slave_tx_module/uart_tx_inst_slave/E[0]                                          | SW_IBUF[14]                                                                                |                2 |             10 |
|  clk_IBUF_BUFG                        | pixelColourControl/slave_tx_module2/uart_tx_inst_slave/bit_idx                                      | SW_IBUF[14]                                                                                |                2 |             10 |
|  clk_IBUF_BUFG                        | pixelColourControl/slave_tx_module2/uart_tx_inst_slave/E[0]                                         | SW_IBUF[14]                                                                                |                2 |             10 |
|  clk6p25m_BUFG                        | pixelColourControl/Player2MovementControl/TrackPlayer1Square/SecondBlock[6]_i_1__0_n_0              | pixelColourControl/Player2MovementControl/TrackPlayer1Square/BlocksSet                     |                5 |             14 |
|  clk_IBUF_BUFG                        |                                                                                                     |                                                                                            |                7 |             14 |
|  clk6p25m_BUFG                        | pixelColourControl/Player3MovementControl/TrackPlayer1Square/BlocksSet                              |                                                                                            |                7 |             14 |
|  clk6p25m_BUFG                        | pixelColourControl/Player1MovementControl/TrackPlayer1Square/FirstBlock[6]_i_1_n_0                  | pixelColourControl/Player1MovementControl/TrackPlayer1Square/BlocksSet                     |                4 |             14 |
|  clk6p25m_BUFG                        | pixelColourControl/Player1MovementControl/TrackPlayer1Square/BlocksSet                              |                                                                                            |                7 |             14 |
|  clk6p25m_BUFG                        | pixelColourControl/Player3MovementControl/TrackPlayer1Square/SecondBlock[6]_i_1__1_n_0              | pixelColourControl/Player3MovementControl/TrackPlayer1Square/BlocksSet                     |                5 |             14 |
|  clk6p25m_BUFG                        | pixelColourControl/Player1MovementControl/TrackPlayer1Square/SecondBlock[6]_i_1_n_0                 | pixelColourControl/Player1MovementControl/TrackPlayer1Square/BlocksSet                     |                3 |             14 |
|  clk6p25m_BUFG                        | pixelColourControl/BombControl/PlayerBlock[6]_i_1_n_0                                               |                                                                                            |                3 |             14 |
|  clk6p25m_BUFG                        | pixelColourControl/Player2MovementControl/TrackPlayer1Square/FirstBlock[6]_i_1__0_n_0               | pixelColourControl/Player2MovementControl/TrackPlayer1Square/BlocksSet                     |                5 |             14 |
|  clk6p25m_BUFG                        | pixelColourControl/Player4MovementControl/TrackPlayer1Square/SecondBlock[6]_i_1__2_n_0              | pixelColourControl/Player4MovementControl/TrackPlayer1Square/BlocksSet                     |                6 |             14 |
|  clk6p25m_BUFG                        | pixelColourControl/Player4MovementControl/TrackPlayer1Square/FirstBlock[6]_i_1__2_n_0               | pixelColourControl/Player4MovementControl/TrackPlayer1Square/BlocksSet                     |                4 |             14 |
|  clk6p25m_BUFG                        | pixelColourControl/Player4MovementControl/TrackPlayer1Square/BlocksSet                              |                                                                                            |                7 |             14 |
|  clk6p25m_BUFG                        | pixelColourControl/Player2MovementControl/TrackPlayer1Square/BlocksSet                              |                                                                                            |                7 |             14 |
|  clk6p25m_BUFG                        | pixelColourControl/Player3MovementControl/TrackPlayer1Square/FirstBlock[6]_i_1__1_n_0               | pixelColourControl/Player3MovementControl/TrackPlayer1Square/BlocksSet                     |                4 |             14 |
|  clk_IBUF_BUFG                        | pixelColourControl/master_rx_module/data[31]_i_1__3_n_0                                             | SW_IBUF[14]                                                                                |                2 |             18 |
|  clk6p25m_BUFG                        | pixelColourControl/Player1MovementControl/TrackPlayer1Square/yBlock[2]_i_1_n_0                      |                                                                                            |                4 |             18 |
|  clk6p25m_BUFG                        | pixelColourControl/Player4MovementControl/TrackPlayer1Square/yBlock[2]_i_1__2_n_0                   |                                                                                            |                3 |             18 |
|  clk_IBUF_BUFG                        | pixelColourControl/master_rx_module3/data[31]_i_1__4_n_0                                            | SW_IBUF[14]                                                                                |                3 |             18 |
|  clk6p25m_BUFG                        | pixelColourControl/Player3MovementControl/TrackPlayer1Square/yBlock[2]_i_1__1_n_0                   |                                                                                            |                3 |             18 |
|  clk6p25m_BUFG                        | pixelColourControl/Player2MovementControl/TrackPlayer1Square/yBlock[2]_i_1__0_n_0                   |                                                                                            |                3 |             18 |
|  clk_IBUF_BUFG                        | pixelColourControl/master_rx_module2/data[31]_i_1__5_n_0                                            | SW_IBUF[14]                                                                                |                3 |             18 |
|  clk_IBUF_BUFG                        | pixelColourControl/master_tx_module1/uart_tx_inst/shift_reg                                         | SW_IBUF[14]                                                                                |                3 |             20 |
|  pixelColourControl/clk40hz2/clk_40hz |                                                                                                     |                                                                                            |                7 |             20 |
|  clk6p25m_BUFG                        | Oled_display/E[0]                                                                                   |                                                                                            |                4 |             20 |
|  clk_IBUF_BUFG                        | pixelColourControl/master_tx_module2/uart_tx_inst/shift_reg                                         | SW_IBUF[14]                                                                                |                2 |             20 |
|  clk_IBUF_BUFG                        | pixelColourControl/master_tx_module3/uart_tx_inst/shift_reg                                         | SW_IBUF[14]                                                                                |                3 |             20 |
|  clk_IBUF_BUFG                        | pixelColourControl/master_tx_module4/uart_tx_inst/shift_reg                                         | SW_IBUF[14]                                                                                |                3 |             20 |
|  clk_IBUF_BUFG                        | pixelColourControl/slave_rx_module/data[31]_i_1__2_n_0                                              | SW_IBUF[14]                                                                                |                3 |             20 |
|  clk6p25m_BUFG                        | pixelColourControl/Player1MovementControl/TrackPlayer1Square/CEP                                    |                                                                                            |                5 |             22 |
|  clk6p25m_BUFG                        | Oled_display/pixel_data0_1                                                                          |                                                                                            |                5 |             22 |
|  clk6p25m_BUFG                        | pixelColourControl/Player3MovementControl/TrackPlayer1Square/CEP                                    |                                                                                            |                6 |             22 |
|  clk6p25m_BUFG                        | pixelColourControl/Player2MovementControl/TrackPlayer1Square/CEP                                    |                                                                                            |                6 |             22 |
|  clk6p25m_BUFG                        | pixelColourControl/Player4MovementControl/TrackPlayer1Square/CEP                                    |                                                                                            |                8 |             22 |
|  clk6p25m_BUFG                        | pixelColourControl/BombControl/mod_inst[0].nolabel_line109/nolabel_line40/pixel_data[15]_i_1_n_0    |                                                                                            |                7 |             22 |
|  clk6p25m_BUFG                        | pixelColourControl/BombControl/mod_inst[1].nolabel_line109/nolabel_line40/pixel_data[15]_i_1__0_n_0 |                                                                                            |                7 |             22 |
|  clk6p25m_BUFG                        | pixelColourControl/BombControl/mod_inst[2].nolabel_line109/nolabel_line40/pixel_data[15]_i_1__1_n_0 |                                                                                            |                5 |             22 |
|  clk6p25m_BUFG                        | Oled_display/pixel_data0                                                                            |                                                                                            |                5 |             22 |
|  clk_IBUF_BUFG                        | pixelColourControl/slave_tx_module2/uart_tx_inst_slave/clk_cnt                                      | SW_IBUF[14]                                                                                |                3 |             24 |
|  clk_IBUF_BUFG                        | pixelColourControl/slave_tx_module/uart_tx_inst_slave/clk_cnt                                       | SW_IBUF[14]                                                                                |                3 |             24 |
|  clk_IBUF_BUFG                        | pixelColourControl/master_tx_module3/uart_tx_inst/clk_cnt_0                                         | SW_IBUF[14]                                                                                |                3 |             24 |
|  clk_IBUF_BUFG                        | pixelColourControl/master_tx_module2/uart_tx_inst/clk_cnt_0                                         | SW_IBUF[14]                                                                                |                3 |             24 |
|  clk_IBUF_BUFG                        | pixelColourControl/master_tx_module1/uart_tx_inst/clk_cnt_0                                         | SW_IBUF[14]                                                                                |                3 |             24 |
|  Player4MovementControl/clk           | pixelColourControl/Player4MovementControl/PlayerMaxY[5]_i_1__2_n_0                                  | pixelColourControl/ColourControl/Player4/FuturePlayerMinX_reg[6][0]                        |                4 |             24 |
|  twohundredhz/clk200hz                |                                                                                                     | pixelColourControl/initiate_reset_out                                                      |                2 |             24 |
|  Player2MovementControl/clk           | pixelColourControl/Player2MovementControl/FuturePlayerMaxY                                          | pixelColourControl/ColourControl/Player2/FuturePlayerMinX_reg[6][0]                        |                8 |             24 |
|  Player2MovementControl/clk           | pixelColourControl/Player2MovementControl/PlayerMaxY[5]_i_1__0_n_0                                  | pixelColourControl/ColourControl/Player2/FuturePlayerMinX_reg[6][0]                        |                5 |             24 |
|  Player1MovementControl/clk           | pixelColourControl/Player1MovementControl/FuturePlayerMaxY                                          | pixelColourControl/ColourControl/Player1/SR[0]                                             |                9 |             24 |
|  Player1MovementControl/clk           | pixelColourControl/Player1MovementControl/PlayerMaxY[5]_i_1_n_0                                     | pixelColourControl/ColourControl/Player1/SR[0]                                             |                5 |             24 |
|  clk_IBUF_BUFG                        | pixelColourControl/master_tx_module4/uart_tx_inst/clk_cnt_0                                         | SW_IBUF[14]                                                                                |                3 |             24 |
|  Player3MovementControl/clk           | pixelColourControl/Player3MovementControl/FuturePlayerMaxY                                          | pixelColourControl/ColourControl/Player3/SS[0]                                             |                7 |             24 |
|  Player3MovementControl/clk           | pixelColourControl/Player3MovementControl/PlayerMaxY[5]_i_1__1_n_0                                  | pixelColourControl/ColourControl/Player3/SS[0]                                             |                5 |             24 |
|  clk_IBUF_BUFG                        | pixelColourControl/slave_tx_module3/uart_tx_inst_slave/clk_cnt                                      | SW_IBUF[14]                                                                                |                3 |             24 |
|  Player4MovementControl/clk           | pixelColourControl/Player4MovementControl/FuturePlayerMaxY                                          | pixelColourControl/ColourControl/Player4/FuturePlayerMinX_reg[6][0]                        |                7 |             24 |
|  clk6p25m_BUFG                        | pixelColourControl/nolabel_line553/nolabel_line41/E[0]                                              |                                                                                            |                7 |             26 |
|  clk6p25m_BUFG                        | pixelColourControl/nolabel_line553/nolabel_line41/isPixel_reg_0[0]                                  |                                                                                            |                4 |             26 |
|  clk6p25m_BUFG                        | pixelColourControl/nolabel_line553/nolabel_line41/pixel_data0                                       |                                                                                            |                6 |             26 |
|  clk_IBUF_BUFG                        | pixelColourControl/slave_rx_module2/clk_cnt                                                         | SW_IBUF[14]                                                                                |                4 |             28 |
|  clk_IBUF_BUFG                        | pixelColourControl/slave_rx_module3/clk_cnt                                                         | SW_IBUF[14]                                                                                |                5 |             28 |
|  Player2MovementControl/clk           | pixelColourControl/Player2MovementControl/FuturePlayerMinX                                          | pixelColourControl/ColourControl/Player2/FuturePlayerMinX_reg[6][0]                        |               10 |             28 |
|  clk_IBUF_BUFG                        | pixelColourControl/slave_rx_module4/clk_cnt                                                         | SW_IBUF[14]                                                                                |                6 |             28 |
|  Player2MovementControl/clk           | pixelColourControl/Player2MovementControl/PlayerMinX[6]_i_1__0_n_0                                  | pixelColourControl/ColourControl/Player2/FuturePlayerMinX_reg[6][0]                        |                5 |             28 |
|  clk_IBUF_BUFG                        | pixelColourControl/master_rx_module2/clk_cnt                                                        | SW_IBUF[14]                                                                                |                5 |             28 |
|  Player1MovementControl/clk           | pixelColourControl/Player1MovementControl/FuturePlayerMinX                                          | pixelColourControl/ColourControl/Player1/SR[0]                                             |               10 |             28 |
|  clk_IBUF_BUFG                        | pixelColourControl/master_rx_module3/clk_cnt                                                        | SW_IBUF[14]                                                                                |                5 |             28 |
|  Player1MovementControl/clk           | pixelColourControl/Player1MovementControl/PlayerMinX[6]_i_1_n_0                                     | pixelColourControl/ColourControl/Player1/SR[0]                                             |                5 |             28 |
|  clk6p25m_BUFG                        |                                                                                                     | pixelColourControl/BombControl/mod_inst[1].nolabel_line109/flickerBomb/SR[0]               |                8 |             28 |
|  clk6p25m_BUFG                        |                                                                                                     | pixelColourControl/BombControl/mod_inst[0].nolabel_line109/flickerBomb/SR[0]               |                5 |             28 |
|  Player3MovementControl/clk           | pixelColourControl/Player3MovementControl/FuturePlayerMinX                                          | pixelColourControl/ColourControl/Player3/SS[0]                                             |               10 |             28 |
|  clk6p25m_BUFG                        |                                                                                                     | pixelColourControl/BombControl/mod_inst[2].nolabel_line109/flickerBomb/SR[0]               |                7 |             28 |
|  Player3MovementControl/clk           | pixelColourControl/Player3MovementControl/PlayerMinX[6]_i_1__1_n_0                                  | pixelColourControl/ColourControl/Player3/SS[0]                                             |                5 |             28 |
|  Player4MovementControl/clk           | pixelColourControl/Player4MovementControl/PlayerMinX[6]_i_1__2_n_0                                  | pixelColourControl/ColourControl/Player4/FuturePlayerMinX_reg[6][0]                        |                5 |             28 |
|  clk6p25m_BUFG                        | pixelColourControl/BombControl/mod_inst1[2].Bombcounter/E[0]                                        |                                                                                            |                5 |             28 |
|  clk_IBUF_BUFG                        | pixelColourControl/master_rx_module/clk_cnt                                                         | SW_IBUF[14]                                                                                |                6 |             28 |
|  Player4MovementControl/clk           | pixelColourControl/Player4MovementControl/FuturePlayerMinX                                          | pixelColourControl/ColourControl/Player4/FuturePlayerMinX_reg[6][0]                        |               11 |             28 |
|  clk_IBUF_BUFG                        | pixelColourControl/slave_rx_module/clk_cnt                                                          | SW_IBUF[14]                                                                                |                5 |             28 |
|  SLOW_CLOCK                           |                                                                                                     |                                                                                            |                7 |             30 |
|  clk6p25m_BUFG                        | Oled_display/pixel_data_reg[15]_21[0]                                                               |                                                                                            |                5 |             32 |
|  pixelColourControl/clk40hz2/clk_40hz | pixelColourControl/btnCPlayer1In                                                                    |                                                                                            |                7 |             32 |
|  clk6p25m_BUFG                        | Oled_display/pixel_data_reg[15]_8[0]                                                                |                                                                                            |                3 |             32 |
|  SLOW_CLOCK                           | pixelColourControl/total_seconds_reg[15]                                                            | pixelColourControl/total_seconds                                                           |                4 |             32 |
|  clk6p25m_BUFG                        | Oled_display/pixel_data_reg[15]_20[0]                                                               |                                                                                            |                7 |             32 |
|  clk6p25m_BUFG                        | pixelColourControl/Player2MovementControl/E[0]                                                      |                                                                                            |                5 |             32 |
|  clk6p25m_BUFG                        | pixelColourControl/Player1MovementControl/E[0]                                                      |                                                                                            |                6 |             32 |
|  clk6p25m_BUFG                        | pixelColourControl/Player1MovementControl/isPixel_reg_0[0]                                          |                                                                                            |                3 |             32 |
| ~clk6p25m_BUFG                        |                                                                                                     | Oled_display/frame_counter[16]_i_1_n_0                                                     |                5 |             34 |
|  twohundredhz/clk200hz                |                                                                                                     |                                                                                            |                5 |             34 |
|  clk6p25m_BUFG                        | pixelColourControl/BombControl/mod_inst[2].nolabel_line109/flickerBomb/bufferLimit_0                | pixelColourControl/BombControl/mod_inst[2].nolabel_line109/flickerBomb/count               |                4 |             40 |
| ~clk6p25m_BUFG                        | Oled_display/delay[0]_i_1_n_0                                                                       |                                                                                            |                5 |             40 |
|  clk6p25m_BUFG                        | pixelColourControl/BombControl/mod_inst[1].nolabel_line109/flickerBomb/bufferLimit_0                | pixelColourControl/BombControl/mod_inst[1].nolabel_line109/flickerBomb/count               |                5 |             40 |
|  clk6p25m_BUFG                        | pixelColourControl/BombControl/mod_inst[0].nolabel_line109/flickerBomb/bufferLimit_0                | pixelColourControl/BombControl/mod_inst[0].nolabel_line109/flickerBomb/count               |                6 |             40 |
|  clk6p25m_BUFG                        | pixelColourControl/BombControl/FindFreeBomb/E[0]                                                    |                                                                                            |               14 |             56 |
|  clk6p25m_BUFG                        | pixelColourControl/BombControl/FindFreeBomb/BombsBlock_reg[1][0]_rep__0[0]                          |                                                                                            |               14 |             56 |
|  clk6p25m_BUFG                        | pixelColourControl/BombControl/FindFreeBomb/BombsBlock_reg[2][0]_rep__1                             |                                                                                            |               10 |             58 |
|  clk_IBUF_BUFG                        |                                                                                                     | pixelColourControl/Player2MovementControl/clk40hz/clear                                    |                8 |             64 |
|  clk_IBUF_BUFG                        |                                                                                                     | twohundredhz/COUNT[0]_i_1__5_n_0                                                           |                8 |             64 |
|  clk_IBUF_BUFG                        |                                                                                                     | clock_6p25MHZ/COUNT[0]_i_1__4_n_0                                                          |                8 |             64 |
|  clk_IBUF_BUFG                        |                                                                                                     | pixelColourControl/Player1MovementControl/clk40hz/clear                                    |                8 |             64 |
|  clk6p25m_BUFG                        | ResetControl/count0                                                                                 | ResetControl/clear                                                                         |                8 |             64 |
|  clk6p25m_BUFG                        |                                                                                                     | pixelColourControl/ColourControl/player_blink/clear                                        |                8 |             64 |
|  clk6p25m_BUFG                        | pixelColourControl/BombControl/mod_inst1[0].Bombcounter/p_5_out                                     | pixelColourControl/BombControl/mod_inst1[0].Bombcounter/clear                              |                8 |             64 |
|  clk6p25m_BUFG                        | pixelColourControl/BombControl/mod_inst1[1].Bombcounter/p_4_out                                     | pixelColourControl/BombControl/mod_inst1[1].Bombcounter/count[0]_i_1__0_n_0                |                8 |             64 |
|  clk6p25m_BUFG                        |                                                                                                     | SevenSegControl/onehz/clear                                                                |                8 |             64 |
|  clk6p25m_BUFG                        | pixelColourControl/BombControl/mod_inst[2].nolabel_line109/startFlicker                             | pixelColourControl/BombControl/mod_inst[2].nolabel_line109/flickerBomb/count               |                8 |             64 |
|  clk6p25m_BUFG                        | pixelColourControl/BombControl/mod_inst1[2].Bombcounter/p_3_out                                     | pixelColourControl/BombControl/mod_inst1[2].Bombcounter/count[0]_i_1_n_0                   |                8 |             64 |
|  clk6p25m_BUFG                        | pixelColourControl/BombControl/mod_inst2[0].ExplodeAnimation/p_31_out                               | pixelColourControl/BombControl/mod_inst2[0].ExplodeAnimation/counter[31]_i_1_n_0           |                9 |             64 |
|  clk6p25m_BUFG                        | pixelColourControl/BombControl/mod_inst2[2].ExplodeAnimation/explode_reg_n_0                        | pixelColourControl/BombControl/mod_inst2[2].ExplodeAnimation/counter[31]_i_1__1_n_0        |                9 |             64 |
|  clk6p25m_BUFG                        | pixelColourControl/BombControl/mod_inst2[1].ExplodeAnimation/p_17_out                               | pixelColourControl/BombControl/mod_inst2[1].ExplodeAnimation/counter[31]_i_1__0_n_0        |                9 |             64 |
|  clk6p25m_BUFG                        | pixelColourControl/BombControl/mod_inst[1].nolabel_line109/startFlicker                             | pixelColourControl/BombControl/mod_inst[1].nolabel_line109/flickerBomb/buffer              |                8 |             64 |
|  clk6p25m_BUFG                        | pixelColourControl/BombControl/mod_inst[1].nolabel_line109/flickerBomb/state                        | pixelColourControl/BombControl/mod_inst[1].nolabel_line109/flickerBomb/state[0]_i_1__0_n_0 |                8 |             64 |
|  clk6p25m_BUFG                        | pixelColourControl/BombControl/mod_inst[1].nolabel_line109/startFlicker                             | pixelColourControl/BombControl/mod_inst[1].nolabel_line109/flickerBomb/count               |                8 |             64 |
|  clk6p25m_BUFG                        | pixelColourControl/BombControl/mod_inst[2].nolabel_line109/flickerBomb/state                        | pixelColourControl/BombControl/mod_inst[2].nolabel_line109/flickerBomb/state[0]_i_1__1_n_0 |                8 |             64 |
|  clk_IBUF_BUFG                        |                                                                                                     | pixelColourControl/Player4MovementControl/clk40hz/clear                                    |                8 |             64 |
|  clk6p25m_BUFG                        | pixelColourControl/BombControl/mod_inst[0].nolabel_line109/flickerBomb/state                        | pixelColourControl/BombControl/mod_inst[0].nolabel_line109/flickerBomb/state[0]_i_1_n_0    |                8 |             64 |
|  clk6p25m_BUFG                        | pixelColourControl/BombControl/mod_inst[0].nolabel_line109/startFlicker                             | pixelColourControl/BombControl/mod_inst[0].nolabel_line109/flickerBomb/buffer              |                8 |             64 |
|  clk6p25m_BUFG                        | pixelColourControl/BombControl/mod_inst[0].nolabel_line109/startFlicker                             | pixelColourControl/BombControl/mod_inst[0].nolabel_line109/flickerBomb/count               |                8 |             64 |
|  clk6p25m_BUFG                        | pixelColourControl/BombControl/mod_inst[2].nolabel_line109/startFlicker                             | pixelColourControl/BombControl/mod_inst[2].nolabel_line109/flickerBomb/buffer              |                8 |             64 |
|  clk_IBUF_BUFG                        |                                                                                                     | pixelColourControl/Player3MovementControl/clk40hz/clear                                    |                8 |             64 |
|  clk_IBUF_BUFG                        |                                                                                                     | pixelColourControl/clk40hz2/clear                                                          |                8 |             64 |
| ~clk6p25m_BUFG                        | Oled_display/state                                                                                  |                                                                                            |                9 |             64 |
|  clk6p25m_BUFG                        |                                                                                                     | pixelColourControl/ColourControl/Player2/counter/clear                                     |                9 |             66 |
|  clk6p25m_BUFG                        |                                                                                                     | pixelColourControl/ColourControl/Player3/counter/clear                                     |                9 |             66 |
|  clk6p25m_BUFG                        |                                                                                                     | pixelColourControl/ColourControl/Player1/counter/clear                                     |                9 |             66 |
|  clk6p25m_BUFG                        |                                                                                                     | pixelColourControl/nolabel_line557/p_0_in                                                  |               13 |             66 |
|  clk6p25m_BUFG                        |                                                                                                     | pixelColourControl/ColourControl/Player4/counter/clear                                     |                9 |             66 |
|  clk6p25m_BUFG                        |                                                                                                     | pixelColourControl/nolabel_line549/p_0_in                                                  |               13 |             68 |
|  clk6p25m_BUFG                        |                                                                                                     | pixelColourControl/nolabel_line553/p_0_in                                                  |               11 |             68 |
|  clk6p25m_BUFG                        |                                                                                                     | pixelColourControl/nolabel_line545/p_0_in                                                  |               16 |             68 |
| ~clk6p25m_BUFG                        |                                                                                                     | Oled_display/spi_word[39]_i_1_n_0                                                          |               17 |             90 |
|  clk_IBUF_BUFG                        |                                                                                                     | SW_IBUF[14]                                                                                |               41 |            182 |
|  clk6p25m_BUFG                        |                                                                                                     |                                                                                            |              140 |            478 |
+---------------------------------------+-----------------------------------------------------------------------------------------------------+--------------------------------------------------------------------------------------------+------------------+----------------+


